// Jest Snapshot v1, https://goo.gl/fbAQLP

exports[`RuioWrapper Snapshot Tests should match the snapshot with default children 1`] = `
<DocumentFragment>
  <div
    class="ruio-exclude"
    data-testid="ruio-toggle-icon"
    style="position: fixed; bottom: 20px; right: 20px; z-index: 9999; background-color: lightcoral; padding: 10px; cursor: pointer;"
  >
    🛠️
  </div>
  <div>
    Snapshot Child
  </div>
</DocumentFragment>
`;
